Vivado Simulator v2025.2
Copyright 1986-2022 Xilinx, Inc. All Rights Reserved.
Copyright 2022-2025 Advanced Micro Devices, Inc. All Rights Reserved.
Running: F:/vivado/2025.2/Vivado/bin/unwrapped/win64.o/xelab.exe --incr --debug typical --relax --mt 2 -L xil_defaultlib -L blk_mem_gen_v8_4_12 -L unisims_ver -L unimacro_ver -L secureip -L xpm --snapshot bucket_refresh_tb_behav xil_defaultlib.bucket_refresh_tb xil_defaultlib.glbl -log elaborate.log 
Using 2 slave threads.
Starting static elaboration
Pass Through NonSizing Optimizer
WARNING: [VRFC 10-5021] port 'dinb' is not connected on this instance [F:/vivado_projects/sketch_network_measurement/sketch_network_measurement.sim/bucket_refresh_tb/bucket_refresh_tb.v:84]
WARNING: [VRFC 10-5021] port 'dinb' is not connected on this instance [F:/vivado_projects/sketch_network_measurement/sketch_network_measurement.sim/bucket_refresh_tb/bucket_refresh_tb.v:98]
WARNING: [VRFC 10-5021] port 'dinb' is not connected on this instance [F:/vivado_projects/sketch_network_measurement/sketch_network_measurement.sim/bucket_refresh_tb/bucket_refresh_tb.v:112]
WARNING: [VRFC 10-5021] port 'dinb' is not connected on this instance [F:/vivado_projects/sketch_network_measurement/sketch_network_measurement.sim/bucket_refresh_tb/bucket_refresh_tb.v:126]
Completed static elaboration
Starting simulation data flow analysis
Completed simulation data flow analysis
Time Resolution for simulation is 1ps
Compiling module xil_defaultlib.elem_hash
Compiling module xil_defaultlib.estim_calc_lut
Compiling module xil_defaultlib.dis_inv_lut
Compiling module xil_defaultlib.bucket_refresh
Compiling module blk_mem_gen_v8_4_12.blk_mem_gen_v8_4_12_output_stage...
Compiling module blk_mem_gen_v8_4_12.blk_mem_gen_v8_4_12_softecc_outp...
Compiling module blk_mem_gen_v8_4_12.blk_mem_gen_v8_4_12_mem_module(C...
Compiling module blk_mem_gen_v8_4_12.blk_mem_gen_v8_4_12(C_FAMILY="zy...
Compiling module xil_defaultlib.bucket_row_0
Compiling module blk_mem_gen_v8_4_12.blk_mem_gen_v8_4_12_mem_module(C...
Compiling module blk_mem_gen_v8_4_12.blk_mem_gen_v8_4_12(C_FAMILY="zy...
Compiling module xil_defaultlib.bucket_row_1
Compiling module blk_mem_gen_v8_4_12.blk_mem_gen_v8_4_12_mem_module(C...
Compiling module blk_mem_gen_v8_4_12.blk_mem_gen_v8_4_12(C_FAMILY="zy...
Compiling module xil_defaultlib.bucket_row_2
Compiling module blk_mem_gen_v8_4_12.blk_mem_gen_v8_4_12_mem_module(C...
Compiling module blk_mem_gen_v8_4_12.blk_mem_gen_v8_4_12(C_FAMILY="zy...
Compiling module xil_defaultlib.bucket_row_3
Compiling module xil_defaultlib.bucket_refresh_tb
Compiling module xil_defaultlib.glbl
Built simulation snapshot bucket_refresh_tb_behav
