Vivado Simulator v2025.2
Copyright 1986-2022 Xilinx, Inc. All Rights Reserved.
Copyright 2022-2025 Advanced Micro Devices, Inc. All Rights Reserved.
Running: F:/vivado/2025.2/Vivado/bin/unwrapped/win64.o/xelab.exe --incr --debug typical --relax --mt 2 -L xil_defaultlib -L blk_mem_gen_v8_4_12 -L unisims_ver -L unimacro_ver -L secureip -L xpm --snapshot top_tb_behav xil_defaultlib.top_tb xil_defaultlib.glbl -log elaborate.log 
Using 2 slave threads.
Starting static elaboration
Pass Through NonSizing Optimizer
Completed static elaboration
Starting simulation data flow analysis
Completed simulation data flow analysis
Time Resolution for simulation is 1ps
Compiling module xil_defaultlib.addr_hash
Compiling module xil_defaultlib.ln_lut_8bit_0
Compiling module xil_defaultlib.inv_lut_16bit_0
Compiling module xil_defaultlib.bucket_decision_0
Compiling module xil_defaultlib.ln_lut_8bit_1
Compiling module xil_defaultlib.inv_lut_16bit_1
Compiling module xil_defaultlib.bucket_decision_1
Compiling module xil_defaultlib.ln_lut_8bit_2
Compiling module xil_defaultlib.inv_lut_16bit_2
Compiling module xil_defaultlib.bucket_decision_2
Compiling module xil_defaultlib.ln_lut_8bit_3
Compiling module xil_defaultlib.inv_lut_16bit_3
Compiling module xil_defaultlib.bucket_decision_3
Compiling module xil_defaultlib.bucket_decision_top
Compiling module xil_defaultlib.elem_hash
Compiling module xil_defaultlib.estim_calc_lut
Compiling module xil_defaultlib.dis_inv_lut
Compiling module xil_defaultlib.bucket_refresh
Compiling module blk_mem_gen_v8_4_12.blk_mem_gen_v8_4_12_output_stage...
Compiling module blk_mem_gen_v8_4_12.blk_mem_gen_v8_4_12_softecc_outp...
Compiling module blk_mem_gen_v8_4_12.blk_mem_gen_v8_4_12_mem_module(C...
Compiling module blk_mem_gen_v8_4_12.blk_mem_gen_v8_4_12(C_FAMILY="zy...
Compiling module xil_defaultlib.bucket_row_0
Compiling module blk_mem_gen_v8_4_12.blk_mem_gen_v8_4_12_mem_module(C...
Compiling module blk_mem_gen_v8_4_12.blk_mem_gen_v8_4_12(C_FAMILY="zy...
Compiling module xil_defaultlib.bucket_row_1
Compiling module blk_mem_gen_v8_4_12.blk_mem_gen_v8_4_12_mem_module(C...
Compiling module blk_mem_gen_v8_4_12.blk_mem_gen_v8_4_12(C_FAMILY="zy...
Compiling module xil_defaultlib.bucket_row_2
Compiling module blk_mem_gen_v8_4_12.blk_mem_gen_v8_4_12_mem_module(C...
Compiling module blk_mem_gen_v8_4_12.blk_mem_gen_v8_4_12(C_FAMILY="zy...
Compiling module xil_defaultlib.bucket_row_3
Compiling module xil_defaultlib.ila_0
Compiling module xil_defaultlib.top
Compiling module xil_defaultlib.top_tb
Compiling module xil_defaultlib.glbl
Built simulation snapshot top_tb_behav
