INFO: [VRFC 10-2263] Analyzing Verilog file "F:/vivado_projects/sketch_network_measurement/sketch_network_measurement.sim/top_wrapper_tb/impl/timing/xsim/top_wrapper_tb_time_impl.v" into library xil_defaultlib
INFO: [VRFC 10-311] analyzing module RAM32M_UNIQ_BASE_
INFO: [VRFC 10-311] analyzing module RAM32M_HD375
INFO: [VRFC 10-311] analyzing module RAM32M_HD376
INFO: [VRFC 10-311] analyzing module RAM32M_HD377
INFO: [VRFC 10-311] analyzing module RAM32M_HD378
INFO: [VRFC 10-311] analyzing module RAM32M_HD379
INFO: [VRFC 10-311] analyzing module clk_x_pntrs
INFO: [VRFC 10-311] analyzing module clk_x_pntrs_7
INFO: [VRFC 10-311] analyzing module dbg_hub
INFO: [VRFC 10-311] analyzing module dmem
INFO: [VRFC 10-311] analyzing module dmem_13
INFO: [VRFC 10-311] analyzing module fifo_generator_ramfifo
INFO: [VRFC 10-311] analyzing module fifo_generator_ramfifo__parameterized0
INFO: [VRFC 10-311] analyzing module fifo_generator_top
INFO: [VRFC 10-311] analyzing module fifo_generator_top__parameterized0
INFO: [VRFC 10-311] analyzing module fifo_generator_v13_1_5
INFO: [VRFC 10-311] analyzing module fifo_generator_v13_1_5__parameterized0
INFO: [VRFC 10-311] analyzing module fifo_generator_v13_1_5_synth
INFO: [VRFC 10-311] analyzing module fifo_generator_v13_1_5_synth__parameterized0
INFO: [VRFC 10-311] analyzing module ltlib_v1_0_3_bscan
INFO: [VRFC 10-311] analyzing module ltlib_v1_0_3_generic_mux
INFO: [VRFC 10-311] analyzing module memory
INFO: [VRFC 10-311] analyzing module memory__parameterized0
INFO: [VRFC 10-311] analyzing module rd_bin_cntr
INFO: [VRFC 10-311] analyzing module rd_bin_cntr_18
INFO: [VRFC 10-311] analyzing module rd_fwft
INFO: [VRFC 10-311] analyzing module rd_handshaking_flags
INFO: [VRFC 10-311] analyzing module rd_handshaking_flags__parameterized0
INFO: [VRFC 10-311] analyzing module rd_logic
INFO: [VRFC 10-311] analyzing module rd_logic__parameterized0
INFO: [VRFC 10-311] analyzing module rd_status_flags_as
INFO: [VRFC 10-311] analyzing module rd_status_flags_as_17
INFO: [VRFC 10-311] analyzing module reset_blk_ramfifo
INFO: [VRFC 10-311] analyzing module reset_blk_ramfifo_8
INFO: [VRFC 10-311] analyzing module synchronizer_ff
INFO: [VRFC 10-311] analyzing module synchronizer_ff_1
INFO: [VRFC 10-311] analyzing module synchronizer_ff_10
INFO: [VRFC 10-311] analyzing module synchronizer_ff_11
INFO: [VRFC 10-311] analyzing module synchronizer_ff_12
INFO: [VRFC 10-311] analyzing module synchronizer_ff_2
INFO: [VRFC 10-311] analyzing module synchronizer_ff_3
INFO: [VRFC 10-311] analyzing module synchronizer_ff_9
INFO: [VRFC 10-311] analyzing module synchronizer_ff__parameterized0
INFO: [VRFC 10-311] analyzing module synchronizer_ff__parameterized0_19
INFO: [VRFC 10-311] analyzing module synchronizer_ff__parameterized0_20
INFO: [VRFC 10-311] analyzing module synchronizer_ff__parameterized0_21
INFO: [VRFC 10-311] analyzing module synchronizer_ff__parameterized0_22
INFO: [VRFC 10-311] analyzing module synchronizer_ff__parameterized0_4
INFO: [VRFC 10-311] analyzing module synchronizer_ff__parameterized0_5
INFO: [VRFC 10-311] analyzing module synchronizer_ff__parameterized0_6
INFO: [VRFC 10-311] analyzing module wr_bin_cntr
INFO: [VRFC 10-311] analyzing module wr_bin_cntr_16
INFO: [VRFC 10-311] analyzing module wr_handshaking_flags
INFO: [VRFC 10-311] analyzing module wr_handshaking_flags_15
INFO: [VRFC 10-311] analyzing module wr_logic
INFO: [VRFC 10-311] analyzing module wr_logic__parameterized0
INFO: [VRFC 10-311] analyzing module wr_status_flags_as
INFO: [VRFC 10-311] analyzing module wr_status_flags_as_14
INFO: [VRFC 10-311] analyzing module xsdbm_v3_0_5_addr_ctl
INFO: [VRFC 10-311] analyzing module xsdbm_v3_0_5_bscan_switch
INFO: [VRFC 10-311] analyzing module xsdbm_v3_0_5_burst_wdlen_ctl
INFO: [VRFC 10-311] analyzing module xsdbm_v3_0_5_bus_ctl
INFO: [VRFC 10-311] analyzing module xsdbm_v3_0_5_bus_ctl_cnt
INFO: [VRFC 10-311] analyzing module xsdbm_v3_0_5_bus_ctl_flg
INFO: [VRFC 10-311] analyzing module xsdbm_v3_0_5_bus_ctl_flg__parameterized0
INFO: [VRFC 10-311] analyzing module xsdbm_v3_0_5_bus_mstr2sl_if
INFO: [VRFC 10-311] analyzing module xsdbm_v3_0_5_cmd_decode
INFO: [VRFC 10-311] analyzing module xsdbm_v3_0_5_ctl_reg
INFO: [VRFC 10-311] analyzing module xsdbm_v3_0_5_ctl_reg__parameterized0
INFO: [VRFC 10-311] analyzing module xsdbm_v3_0_5_ctl_reg__parameterized1
INFO: [VRFC 10-311] analyzing module xsdbm_v3_0_5_ctl_reg__parameterized2
INFO: [VRFC 10-311] analyzing module xsdbm_v3_0_5_icon
INFO: [VRFC 10-311] analyzing module xsdbm_v3_0_5_icon2xsdb
INFO: [VRFC 10-311] analyzing module xsdbm_v3_0_5_if
INFO: [VRFC 10-311] analyzing module xsdbm_v3_0_5_if_static_status
INFO: [VRFC 10-311] analyzing module xsdbm_v3_0_5_rdfifo
INFO: [VRFC 10-311] analyzing module xsdbm_v3_0_5_rdreg
INFO: [VRFC 10-311] analyzing module xsdbm_v3_0_5_stat
INFO: [VRFC 10-311] analyzing module xsdbm_v3_0_5_stat_reg
INFO: [VRFC 10-311] analyzing module xsdbm_v3_0_5_stat_reg__parameterized0
INFO: [VRFC 10-311] analyzing module xsdbm_v3_0_5_stat_reg__parameterized0_0
INFO: [VRFC 10-311] analyzing module xsdbm_v3_0_5_sync
INFO: [VRFC 10-311] analyzing module xsdbm_v3_0_5_wrfifo
INFO: [VRFC 10-311] analyzing module xsdbm_v3_0_5_wrreg
INFO: [VRFC 10-311] analyzing module xsdbm_v3_0_5_xsdbm
INFO: [VRFC 10-311] analyzing module xsdbm_v3_0_5_xsdbm_id
INFO: [VRFC 10-311] analyzing module addr_hash
INFO: [VRFC 10-311] analyzing module bucket_decision_0
INFO: [VRFC 10-311] analyzing module bucket_decision_1
INFO: [VRFC 10-311] analyzing module bucket_decision_2
INFO: [VRFC 10-311] analyzing module bucket_decision_3
INFO: [VRFC 10-311] analyzing module bucket_decision_top
INFO: [VRFC 10-311] analyzing module bucket_refresh
INFO: [VRFC 10-311] analyzing module bucket_row_0
INFO: [VRFC 10-311] analyzing module bucket_row_1
INFO: [VRFC 10-311] analyzing module bucket_row_2
INFO: [VRFC 10-311] analyzing module bucket_row_3
INFO: [VRFC 10-311] analyzing module dis_inv_lut
INFO: [VRFC 10-311] analyzing module elem_hash
INFO: [VRFC 10-311] analyzing module estim_calc_lut
INFO: [VRFC 10-311] analyzing module ila_0
INFO: [VRFC 10-311] analyzing module inv_lut_16bit_0
INFO: [VRFC 10-311] analyzing module inv_lut_16bit_1
INFO: [VRFC 10-311] analyzing module inv_lut_16bit_2
INFO: [VRFC 10-311] analyzing module inv_lut_16bit_3
INFO: [VRFC 10-311] analyzing module ln_lut_8bit_0
INFO: [VRFC 10-311] analyzing module ln_lut_8bit_1
INFO: [VRFC 10-311] analyzing module ln_lut_8bit_2
INFO: [VRFC 10-311] analyzing module ln_lut_8bit_3
INFO: [VRFC 10-311] analyzing module test_stimulus
INFO: [VRFC 10-311] analyzing module top
INFO: [VRFC 10-311] analyzing module top_wrapper
INFO: [VRFC 10-311] analyzing module CFGLUT5_UNIQ_BASE_
INFO: [VRFC 10-311] analyzing module CFGLUT5_HD284
INFO: [VRFC 10-311] analyzing module CFGLUT5_HD285
INFO: [VRFC 10-311] analyzing module CFGLUT5_HD286
INFO: [VRFC 10-311] analyzing module CFGLUT5_HD287
INFO: [VRFC 10-311] analyzing module CFGLUT5_HD288
INFO: [VRFC 10-311] analyzing module CFGLUT5_HD289
INFO: [VRFC 10-311] analyzing module CFGLUT5_HD290
INFO: [VRFC 10-311] analyzing module CFGLUT5_HD291
INFO: [VRFC 10-311] analyzing module CFGLUT5_HD292
INFO: [VRFC 10-311] analyzing module CFGLUT5_HD293
INFO: [VRFC 10-311] analyzing module CFGLUT5_HD294
INFO: [VRFC 10-311] analyzing module CFGLUT5_HD295
INFO: [VRFC 10-311] analyzing module CFGLUT5_HD296
INFO: [VRFC 10-311] analyzing module CFGLUT5_HD297
INFO: [VRFC 10-311] analyzing module CFGLUT5_HD298
INFO: [VRFC 10-311] analyzing module CFGLUT5_HD299
INFO: [VRFC 10-311] analyzing module CFGLUT5_HD300
INFO: [VRFC 10-311] analyzing module CFGLUT5_HD301
INFO: [VRFC 10-311] analyzing module CFGLUT5_HD302
INFO: [VRFC 10-311] analyzing module CFGLUT5_HD303
INFO: [VRFC 10-311] analyzing module CFGLUT5_HD304
INFO: [VRFC 10-311] analyzing module CFGLUT5_HD305
INFO: [VRFC 10-311] analyzing module CFGLUT5_HD306
INFO: [VRFC 10-311] analyzing module CFGLUT5_HD307
INFO: [VRFC 10-311] analyzing module CFGLUT5_HD308
INFO: [VRFC 10-311] analyzing module CFGLUT5_HD309
INFO: [VRFC 10-311] analyzing module CFGLUT5_HD310
INFO: [VRFC 10-311] analyzing module CFGLUT5_HD311
INFO: [VRFC 10-311] analyzing module CFGLUT5_HD312
INFO: [VRFC 10-311] analyzing module CFGLUT5_HD313
INFO: [VRFC 10-311] analyzing module CFGLUT5_HD314
INFO: [VRFC 10-311] analyzing module CFGLUT5_HD315
INFO: [VRFC 10-311] analyzing module CFGLUT5_HD316
INFO: [VRFC 10-311] analyzing module CFGLUT5_HD317
INFO: [VRFC 10-311] analyzing module CFGLUT5_HD318
INFO: [VRFC 10-311] analyzing module CFGLUT5_HD319
INFO: [VRFC 10-311] analyzing module CFGLUT5_HD320
INFO: [VRFC 10-311] analyzing module CFGLUT5_HD321
INFO: [VRFC 10-311] analyzing module CFGLUT5_HD322
INFO: [VRFC 10-311] analyzing module CFGLUT5_HD323
INFO: [VRFC 10-311] analyzing module CFGLUT5_HD324
INFO: [VRFC 10-311] analyzing module CFGLUT5_HD325
INFO: [VRFC 10-311] analyzing module CFGLUT5_HD326
INFO: [VRFC 10-311] analyzing module CFGLUT5_HD327
INFO: [VRFC 10-311] analyzing module CFGLUT5_HD328
INFO: [VRFC 10-311] analyzing module CFGLUT5_HD329
INFO: [VRFC 10-311] analyzing module CFGLUT5_HD330
INFO: [VRFC 10-311] analyzing module CFGLUT5_HD331
INFO: [VRFC 10-311] analyzing module CFGLUT5_HD332
INFO: [VRFC 10-311] analyzing module CFGLUT5_HD333
INFO: [VRFC 10-311] analyzing module CFGLUT5_HD334
INFO: [VRFC 10-311] analyzing module CFGLUT5_HD335
INFO: [VRFC 10-311] analyzing module CFGLUT5_HD336
INFO: [VRFC 10-311] analyzing module CFGLUT5_HD337
INFO: [VRFC 10-311] analyzing module CFGLUT5_HD338
INFO: [VRFC 10-311] analyzing module CFGLUT5_HD339
INFO: [VRFC 10-311] analyzing module CFGLUT5_HD340
INFO: [VRFC 10-311] analyzing module CFGLUT5_HD341
INFO: [VRFC 10-311] analyzing module CFGLUT5_HD342
INFO: [VRFC 10-311] analyzing module CFGLUT5_HD343
INFO: [VRFC 10-311] analyzing module CFGLUT5_HD344
INFO: [VRFC 10-311] analyzing module CFGLUT5_HD345
INFO: [VRFC 10-311] analyzing module CFGLUT5_HD346
INFO: [VRFC 10-311] analyzing module CFGLUT5_HD347
INFO: [VRFC 10-311] analyzing module CFGLUT5_HD348
INFO: [VRFC 10-311] analyzing module CFGLUT5_HD349
INFO: [VRFC 10-311] analyzing module CFGLUT5_HD350
INFO: [VRFC 10-311] analyzing module CFGLUT5_HD351
INFO: [VRFC 10-311] analyzing module CFGLUT5_HD352
INFO: [VRFC 10-311] analyzing module CFGLUT5_HD353
INFO: [VRFC 10-311] analyzing module CFGLUT5_HD354
INFO: [VRFC 10-311] analyzing module CFGLUT5_HD355
INFO: [VRFC 10-311] analyzing module CFGLUT5_HD356
INFO: [VRFC 10-311] analyzing module CFGLUT5_HD357
INFO: [VRFC 10-311] analyzing module CFGLUT5_HD358
INFO: [VRFC 10-311] analyzing module CFGLUT5_HD359
INFO: [VRFC 10-311] analyzing module CFGLUT5_HD360
INFO: [VRFC 10-311] analyzing module CFGLUT5_HD361
INFO: [VRFC 10-311] analyzing module CFGLUT5_HD362
INFO: [VRFC 10-311] analyzing module CFGLUT5_HD363
INFO: [VRFC 10-311] analyzing module CFGLUT5_HD364
INFO: [VRFC 10-311] analyzing module CFGLUT5_HD365
INFO: [VRFC 10-311] analyzing module CFGLUT5_HD366
INFO: [VRFC 10-311] analyzing module CFGLUT5_HD367
INFO: [VRFC 10-311] analyzing module CFGLUT5_HD368
INFO: [VRFC 10-311] analyzing module CFGLUT5_HD369
INFO: [VRFC 10-311] analyzing module CFGLUT5_HD370
INFO: [VRFC 10-311] analyzing module CFGLUT5_HD371
INFO: [VRFC 10-311] analyzing module CFGLUT5_HD372
INFO: [VRFC 10-311] analyzing module CFGLUT5_HD373
INFO: [VRFC 10-311] analyzing module CFGLUT5_HD374
INFO: [VRFC 10-311] analyzing module ila_0_ila_v6_2_19_ila
INFO: [VRFC 10-311] analyzing module ila_0_ila_v6_2_19_ila_cap_addrgen
INFO: [VRFC 10-311] analyzing module ila_0_ila_v6_2_19_ila_cap_ctrl_legacy
INFO: [VRFC 10-311] analyzing module ila_0_ila_v6_2_19_ila_cap_sample_counter
INFO: [VRFC 10-311] analyzing module ila_0_ila_v6_2_19_ila_cap_window_counter
INFO: [VRFC 10-311] analyzing module ila_0_ila_v6_2_19_ila_core
INFO: [VRFC 10-311] analyzing module ila_0_ila_v6_2_19_ila_register
INFO: [VRFC 10-311] analyzing module ila_0_ila_v6_2_19_ila_reset_ctrl
INFO: [VRFC 10-311] analyzing module ila_0_ila_v6_2_19_ila_trace_memory
INFO: [VRFC 10-311] analyzing module ila_0_ila_v6_2_19_ila_trig_match
INFO: [VRFC 10-311] analyzing module ila_0_ila_v6_2_19_ila_trigger
INFO: [VRFC 10-311] analyzing module ila_0_ltlib_v1_0_3_all_typeA
INFO: [VRFC 10-311] analyzing module ila_0_ltlib_v1_0_3_all_typeA__parameterized0
INFO: [VRFC 10-311] analyzing module ila_0_ltlib_v1_0_3_all_typeA__parameterized0_14
INFO: [VRFC 10-311] analyzing module ila_0_ltlib_v1_0_3_all_typeA__parameterized0_5
INFO: [VRFC 10-311] analyzing module ila_0_ltlib_v1_0_3_all_typeA__parameterized1
INFO: [VRFC 10-311] analyzing module ila_0_ltlib_v1_0_3_all_typeA__parameterized1_10
INFO: [VRFC 10-311] analyzing module ila_0_ltlib_v1_0_3_all_typeA__parameterized2
INFO: [VRFC 10-311] analyzing module ila_0_ltlib_v1_0_3_all_typeA__parameterized2_38
INFO: [VRFC 10-311] analyzing module ila_0_ltlib_v1_0_3_all_typeA__parameterized2_42
INFO: [VRFC 10-311] analyzing module ila_0_ltlib_v1_0_3_all_typeA_slice
INFO: [VRFC 10-311] analyzing module ila_0_ltlib_v1_0_3_all_typeA_slice_12
INFO: [VRFC 10-311] analyzing module ila_0_ltlib_v1_0_3_all_typeA_slice_18
INFO: [VRFC 10-311] analyzing module ila_0_ltlib_v1_0_3_all_typeA_slice_19
INFO: [VRFC 10-311] analyzing module ila_0_ltlib_v1_0_3_all_typeA_slice_3
INFO: [VRFC 10-311] analyzing module ila_0_ltlib_v1_0_3_all_typeA_slice_9
INFO: [VRFC 10-311] analyzing module ila_0_ltlib_v1_0_3_all_typeA_slice__parameterized0
INFO: [VRFC 10-311] analyzing module ila_0_ltlib_v1_0_3_all_typeA_slice__parameterized0_0
INFO: [VRFC 10-311] analyzing module ila_0_ltlib_v1_0_3_all_typeA_slice__parameterized0_1
INFO: [VRFC 10-311] analyzing module ila_0_ltlib_v1_0_3_all_typeA_slice__parameterized0_11
INFO: [VRFC 10-311] analyzing module ila_0_ltlib_v1_0_3_all_typeA_slice__parameterized0_15
INFO: [VRFC 10-311] analyzing module ila_0_ltlib_v1_0_3_all_typeA_slice__parameterized0_16
INFO: [VRFC 10-311] analyzing module ila_0_ltlib_v1_0_3_all_typeA_slice__parameterized0_17
INFO: [VRFC 10-311] analyzing module ila_0_ltlib_v1_0_3_all_typeA_slice__parameterized0_2
INFO: [VRFC 10-311] analyzing module ila_0_ltlib_v1_0_3_all_typeA_slice__parameterized0_6
INFO: [VRFC 10-311] analyzing module ila_0_ltlib_v1_0_3_all_typeA_slice__parameterized0_7
INFO: [VRFC 10-311] analyzing module ila_0_ltlib_v1_0_3_all_typeA_slice__parameterized0_8
INFO: [VRFC 10-311] analyzing module ila_0_ltlib_v1_0_3_all_typeA_slice__parameterized1
INFO: [VRFC 10-311] analyzing module ila_0_ltlib_v1_0_3_all_typeA_slice__parameterized1_39
INFO: [VRFC 10-311] analyzing module ila_0_ltlib_v1_0_3_all_typeA_slice__parameterized1_43
INFO: [VRFC 10-311] analyzing module ila_0_ltlib_v1_0_3_all_typeA_slice__parameterized2
INFO: [VRFC 10-311] analyzing module ila_0_ltlib_v1_0_3_all_typeA_slice__parameterized2_40
INFO: [VRFC 10-311] analyzing module ila_0_ltlib_v1_0_3_all_typeA_slice__parameterized2_44
INFO: [VRFC 10-311] analyzing module ila_0_ltlib_v1_0_3_allx_typeA
INFO: [VRFC 10-311] analyzing module ila_0_ltlib_v1_0_3_allx_typeA__parameterized0
INFO: [VRFC 10-311] analyzing module ila_0_ltlib_v1_0_3_allx_typeA__parameterized0_13
INFO: [VRFC 10-311] analyzing module ila_0_ltlib_v1_0_3_allx_typeA__parameterized0_4
INFO: [VRFC 10-311] analyzing module ila_0_ltlib_v1_0_3_allx_typeA__parameterized1
INFO: [VRFC 10-311] analyzing module ila_0_ltlib_v1_0_3_allx_typeA__parameterized2
INFO: [VRFC 10-311] analyzing module ila_0_ltlib_v1_0_3_allx_typeA_nodelay
INFO: [VRFC 10-311] analyzing module ila_0_ltlib_v1_0_3_allx_typeA_nodelay_37
INFO: [VRFC 10-311] analyzing module ila_0_ltlib_v1_0_3_allx_typeA_nodelay_41
INFO: [VRFC 10-311] analyzing module ila_0_ltlib_v1_0_3_async_edge_xfer
INFO: [VRFC 10-311] analyzing module ila_0_ltlib_v1_0_3_async_edge_xfer__1
INFO: [VRFC 10-311] analyzing module ila_0_ltlib_v1_0_3_async_edge_xfer__2
INFO: [VRFC 10-311] analyzing module ila_0_ltlib_v1_0_3_async_edge_xfer__3
INFO: [VRFC 10-311] analyzing module ila_0_ltlib_v1_0_3_cfglut4
INFO: [VRFC 10-311] analyzing module ila_0_ltlib_v1_0_3_cfglut4__1
INFO: [VRFC 10-311] analyzing module ila_0_ltlib_v1_0_3_cfglut5
INFO: [VRFC 10-311] analyzing module ila_0_ltlib_v1_0_3_cfglut5__1
INFO: [VRFC 10-311] analyzing module ila_0_ltlib_v1_0_3_cfglut5__2
INFO: [VRFC 10-311] analyzing module ila_0_ltlib_v1_0_3_cfglut6
INFO: [VRFC 10-311] analyzing module ila_0_ltlib_v1_0_3_cfglut6__1
INFO: [VRFC 10-311] analyzing module ila_0_ltlib_v1_0_3_cfglut6__parameterized0
INFO: [VRFC 10-311] analyzing module ila_0_ltlib_v1_0_3_cfglut7
INFO: [VRFC 10-311] analyzing module ila_0_ltlib_v1_0_3_cfglut7__1
INFO: [VRFC 10-311] analyzing module ila_0_ltlib_v1_0_3_generic_memrd
INFO: [VRFC 10-311] analyzing module ila_0_ltlib_v1_0_3_match
INFO: [VRFC 10-311] analyzing module ila_0_ltlib_v1_0_3_match__parameterized0
INFO: [VRFC 10-311] analyzing module ila_0_ltlib_v1_0_3_match__parameterized0__1
INFO: [VRFC 10-311] analyzing module ila_0_ltlib_v1_0_3_match__parameterized0__2
INFO: [VRFC 10-311] analyzing module ila_0_ltlib_v1_0_3_match__parameterized1
INFO: [VRFC 10-311] analyzing module ila_0_ltlib_v1_0_3_match__parameterized2
INFO: [VRFC 10-311] analyzing module ila_0_ltlib_v1_0_3_match_nodelay
INFO: [VRFC 10-311] analyzing module ila_0_ltlib_v1_0_3_match_nodelay__1
INFO: [VRFC 10-311] analyzing module ila_0_ltlib_v1_0_3_match_nodelay__2
INFO: [VRFC 10-311] analyzing module ila_0_ltlib_v1_0_3_rising_edge_detection
INFO: [VRFC 10-311] analyzing module ila_0_ltlib_v1_0_3_rising_edge_detection__1
INFO: [VRFC 10-311] analyzing module ila_0_xsdbs_v1_0_5_reg__parameterized19
INFO: [VRFC 10-311] analyzing module ila_0_xsdbs_v1_0_5_reg__parameterized20
INFO: [VRFC 10-311] analyzing module ila_0_xsdbs_v1_0_5_reg__parameterized21
INFO: [VRFC 10-311] analyzing module ila_0_xsdbs_v1_0_5_reg__parameterized22
INFO: [VRFC 10-311] analyzing module ila_0_xsdbs_v1_0_5_reg__parameterized34
INFO: [VRFC 10-311] analyzing module ila_0_xsdbs_v1_0_5_reg__parameterized35
INFO: [VRFC 10-311] analyzing module ila_0_xsdbs_v1_0_5_reg__parameterized36
INFO: [VRFC 10-311] analyzing module ila_0_xsdbs_v1_0_5_reg__parameterized37
INFO: [VRFC 10-311] analyzing module ila_0_xsdbs_v1_0_5_reg__parameterized38
INFO: [VRFC 10-311] analyzing module ila_0_xsdbs_v1_0_5_reg__parameterized39
INFO: [VRFC 10-311] analyzing module ila_0_xsdbs_v1_0_5_reg__parameterized40
INFO: [VRFC 10-311] analyzing module ila_0_xsdbs_v1_0_5_reg__parameterized41
INFO: [VRFC 10-311] analyzing module ila_0_xsdbs_v1_0_5_reg__parameterized42
INFO: [VRFC 10-311] analyzing module ila_0_xsdbs_v1_0_5_reg__parameterized43
INFO: [VRFC 10-311] analyzing module ila_0_xsdbs_v1_0_5_reg__parameterized44
INFO: [VRFC 10-311] analyzing module ila_0_xsdbs_v1_0_5_reg__parameterized45
INFO: [VRFC 10-311] analyzing module ila_0_xsdbs_v1_0_5_reg__parameterized47
INFO: [VRFC 10-311] analyzing module ila_0_xsdbs_v1_0_5_reg__parameterized49
INFO: [VRFC 10-311] analyzing module ila_0_xsdbs_v1_0_5_reg__parameterized52
INFO: [VRFC 10-311] analyzing module ila_0_xsdbs_v1_0_5_reg_ctl
INFO: [VRFC 10-311] analyzing module ila_0_xsdbs_v1_0_5_reg_ctl_23
INFO: [VRFC 10-311] analyzing module ila_0_xsdbs_v1_0_5_reg_ctl_24
INFO: [VRFC 10-311] analyzing module ila_0_xsdbs_v1_0_5_reg_ctl_25
INFO: [VRFC 10-311] analyzing module ila_0_xsdbs_v1_0_5_reg_ctl_26
INFO: [VRFC 10-311] analyzing module ila_0_xsdbs_v1_0_5_reg_ctl_29
INFO: [VRFC 10-311] analyzing module ila_0_xsdbs_v1_0_5_reg_ctl_30
INFO: [VRFC 10-311] analyzing module ila_0_xsdbs_v1_0_5_reg_ctl_31
INFO: [VRFC 10-311] analyzing module ila_0_xsdbs_v1_0_5_reg_ctl_32
INFO: [VRFC 10-311] analyzing module ila_0_xsdbs_v1_0_5_reg_ctl_33
INFO: [VRFC 10-311] analyzing module ila_0_xsdbs_v1_0_5_reg_ctl_36
INFO: [VRFC 10-311] analyzing module ila_0_xsdbs_v1_0_5_reg_ctl__parameterized0
INFO: [VRFC 10-311] analyzing module ila_0_xsdbs_v1_0_5_reg_ctl__parameterized1
INFO: [VRFC 10-311] analyzing module ila_0_xsdbs_v1_0_5_reg_ctl__parameterized1_27
INFO: [VRFC 10-311] analyzing module ila_0_xsdbs_v1_0_5_reg_ctl__parameterized1_28
INFO: [VRFC 10-311] analyzing module ila_0_xsdbs_v1_0_5_reg_p2s
INFO: [VRFC 10-311] analyzing module ila_0_xsdbs_v1_0_5_reg_p2s__parameterized0
INFO: [VRFC 10-311] analyzing module ila_0_xsdbs_v1_0_5_reg_p2s__parameterized1
INFO: [VRFC 10-311] analyzing module ila_0_xsdbs_v1_0_5_reg_p2s__parameterized2
INFO: [VRFC 10-311] analyzing module ila_0_xsdbs_v1_0_5_reg_p2s__parameterized3
INFO: [VRFC 10-311] analyzing module ila_0_xsdbs_v1_0_5_reg_p2s__parameterized4
INFO: [VRFC 10-311] analyzing module ila_0_xsdbs_v1_0_5_reg_p2s__parameterized5
INFO: [VRFC 10-311] analyzing module ila_0_xsdbs_v1_0_5_reg_stat
INFO: [VRFC 10-311] analyzing module ila_0_xsdbs_v1_0_5_reg_stat_20
INFO: [VRFC 10-311] analyzing module ila_0_xsdbs_v1_0_5_reg_stat_21
INFO: [VRFC 10-311] analyzing module ila_0_xsdbs_v1_0_5_reg_stat_22
INFO: [VRFC 10-311] analyzing module ila_0_xsdbs_v1_0_5_reg_stat_34
INFO: [VRFC 10-311] analyzing module ila_0_xsdbs_v1_0_5_reg_stat_35
INFO: [VRFC 10-311] analyzing module ila_0_xsdbs_v1_0_5_reg_stream
INFO: [VRFC 10-311] analyzing module ila_0_xsdbs_v1_0_5_reg_stream__parameterized0
INFO: [VRFC 10-311] analyzing module ila_0_xsdbs_v1_0_5_xsdbs
INFO: [VRFC 10-311] analyzing module bucket_row_0_blk_mem_gen_generic_cstr
INFO: [VRFC 10-311] analyzing module bucket_row_0_blk_mem_gen_prim_width
INFO: [VRFC 10-311] analyzing module bucket_row_0_blk_mem_gen_prim_width__parameterized0
INFO: [VRFC 10-311] analyzing module bucket_row_0_blk_mem_gen_prim_width__parameterized1
INFO: [VRFC 10-311] analyzing module bucket_row_0_blk_mem_gen_prim_width__parameterized10
INFO: [VRFC 10-311] analyzing module bucket_row_0_blk_mem_gen_prim_width__parameterized11
INFO: [VRFC 10-311] analyzing module bucket_row_0_blk_mem_gen_prim_width__parameterized12
INFO: [VRFC 10-311] analyzing module bucket_row_0_blk_mem_gen_prim_width__parameterized13
INFO: [VRFC 10-311] analyzing module bucket_row_0_blk_mem_gen_prim_width__parameterized14
INFO: [VRFC 10-311] analyzing module bucket_row_0_blk_mem_gen_prim_width__parameterized15
INFO: [VRFC 10-311] analyzing module bucket_row_0_blk_mem_gen_prim_width__parameterized16
INFO: [VRFC 10-311] analyzing module bucket_row_0_blk_mem_gen_prim_width__parameterized17
INFO: [VRFC 10-311] analyzing module bucket_row_0_blk_mem_gen_prim_width__parameterized18
INFO: [VRFC 10-311] analyzing module bucket_row_0_blk_mem_gen_prim_width__parameterized19
INFO: [VRFC 10-311] analyzing module bucket_row_0_blk_mem_gen_prim_width__parameterized2
INFO: [VRFC 10-311] analyzing module bucket_row_0_blk_mem_gen_prim_width__parameterized3
INFO: [VRFC 10-311] analyzing module bucket_row_0_blk_mem_gen_prim_width__parameterized4
INFO: [VRFC 10-311] analyzing module bucket_row_0_blk_mem_gen_prim_width__parameterized5
INFO: [VRFC 10-311] analyzing module bucket_row_0_blk_mem_gen_prim_width__parameterized6
INFO: [VRFC 10-311] analyzing module bucket_row_0_blk_mem_gen_prim_width__parameterized7
INFO: [VRFC 10-311] analyzing module bucket_row_0_blk_mem_gen_prim_width__parameterized8
INFO: [VRFC 10-311] analyzing module bucket_row_0_blk_mem_gen_prim_width__parameterized9
INFO: [VRFC 10-311] analyzing module bucket_row_0_blk_mem_gen_prim_wrapper
INFO: [VRFC 10-311] analyzing module bucket_row_0_blk_mem_gen_prim_wrapper__parameterized0
INFO: [VRFC 10-311] analyzing module bucket_row_0_blk_mem_gen_prim_wrapper__parameterized1
INFO: [VRFC 10-311] analyzing module bucket_row_0_blk_mem_gen_prim_wrapper__parameterized10
INFO: [VRFC 10-311] analyzing module bucket_row_0_blk_mem_gen_prim_wrapper__parameterized11
INFO: [VRFC 10-311] analyzing module bucket_row_0_blk_mem_gen_prim_wrapper__parameterized12
INFO: [VRFC 10-311] analyzing module bucket_row_0_blk_mem_gen_prim_wrapper__parameterized13
INFO: [VRFC 10-311] analyzing module bucket_row_0_blk_mem_gen_prim_wrapper__parameterized14
INFO: [VRFC 10-311] analyzing module bucket_row_0_blk_mem_gen_prim_wrapper__parameterized15
INFO: [VRFC 10-311] analyzing module bucket_row_0_blk_mem_gen_prim_wrapper__parameterized16
INFO: [VRFC 10-311] analyzing module bucket_row_0_blk_mem_gen_prim_wrapper__parameterized17
INFO: [VRFC 10-311] analyzing module bucket_row_0_blk_mem_gen_prim_wrapper__parameterized18
INFO: [VRFC 10-311] analyzing module bucket_row_0_blk_mem_gen_prim_wrapper__parameterized19
INFO: [VRFC 10-311] analyzing module bucket_row_0_blk_mem_gen_prim_wrapper__parameterized2
INFO: [VRFC 10-311] analyzing module bucket_row_0_blk_mem_gen_prim_wrapper__parameterized3
INFO: [VRFC 10-311] analyzing module bucket_row_0_blk_mem_gen_prim_wrapper__parameterized4
INFO: [VRFC 10-311] analyzing module bucket_row_0_blk_mem_gen_prim_wrapper__parameterized5
INFO: [VRFC 10-311] analyzing module bucket_row_0_blk_mem_gen_prim_wrapper__parameterized6
INFO: [VRFC 10-311] analyzing module bucket_row_0_blk_mem_gen_prim_wrapper__parameterized7
INFO: [VRFC 10-311] analyzing module bucket_row_0_blk_mem_gen_prim_wrapper__parameterized8
INFO: [VRFC 10-311] analyzing module bucket_row_0_blk_mem_gen_prim_wrapper__parameterized9
INFO: [VRFC 10-311] analyzing module bucket_row_0_blk_mem_gen_top
INFO: [VRFC 10-311] analyzing module bucket_row_0_blk_mem_gen_v8_4_12
INFO: [VRFC 10-311] analyzing module bucket_row_0_blk_mem_gen_v8_4_12_synth
INFO: [VRFC 10-311] analyzing module bucket_row_1_blk_mem_gen_generic_cstr
INFO: [VRFC 10-311] analyzing module bucket_row_1_blk_mem_gen_prim_width
INFO: [VRFC 10-311] analyzing module bucket_row_1_blk_mem_gen_prim_width__parameterized0
INFO: [VRFC 10-311] analyzing module bucket_row_1_blk_mem_gen_prim_width__parameterized1
INFO: [VRFC 10-311] analyzing module bucket_row_1_blk_mem_gen_prim_width__parameterized10
INFO: [VRFC 10-311] analyzing module bucket_row_1_blk_mem_gen_prim_width__parameterized11
INFO: [VRFC 10-311] analyzing module bucket_row_1_blk_mem_gen_prim_width__parameterized12
INFO: [VRFC 10-311] analyzing module bucket_row_1_blk_mem_gen_prim_width__parameterized13
INFO: [VRFC 10-311] analyzing module bucket_row_1_blk_mem_gen_prim_width__parameterized14
INFO: [VRFC 10-311] analyzing module bucket_row_1_blk_mem_gen_prim_width__parameterized15
INFO: [VRFC 10-311] analyzing module bucket_row_1_blk_mem_gen_prim_width__parameterized16
INFO: [VRFC 10-311] analyzing module bucket_row_1_blk_mem_gen_prim_width__parameterized17
INFO: [VRFC 10-311] analyzing module bucket_row_1_blk_mem_gen_prim_width__parameterized18
INFO: [VRFC 10-311] analyzing module bucket_row_1_blk_mem_gen_prim_width__parameterized19
INFO: [VRFC 10-311] analyzing module bucket_row_1_blk_mem_gen_prim_width__parameterized2
INFO: [VRFC 10-311] analyzing module bucket_row_1_blk_mem_gen_prim_width__parameterized3
INFO: [VRFC 10-311] analyzing module bucket_row_1_blk_mem_gen_prim_width__parameterized4
INFO: [VRFC 10-311] analyzing module bucket_row_1_blk_mem_gen_prim_width__parameterized5
INFO: [VRFC 10-311] analyzing module bucket_row_1_blk_mem_gen_prim_width__parameterized6
INFO: [VRFC 10-311] analyzing module bucket_row_1_blk_mem_gen_prim_width__parameterized7
INFO: [VRFC 10-311] analyzing module bucket_row_1_blk_mem_gen_prim_width__parameterized8
INFO: [VRFC 10-311] analyzing module bucket_row_1_blk_mem_gen_prim_width__parameterized9
INFO: [VRFC 10-311] analyzing module bucket_row_1_blk_mem_gen_prim_wrapper
INFO: [VRFC 10-311] analyzing module bucket_row_1_blk_mem_gen_prim_wrapper__parameterized0
INFO: [VRFC 10-311] analyzing module bucket_row_1_blk_mem_gen_prim_wrapper__parameterized1
INFO: [VRFC 10-311] analyzing module bucket_row_1_blk_mem_gen_prim_wrapper__parameterized10
INFO: [VRFC 10-311] analyzing module bucket_row_1_blk_mem_gen_prim_wrapper__parameterized11
INFO: [VRFC 10-311] analyzing module bucket_row_1_blk_mem_gen_prim_wrapper__parameterized12
INFO: [VRFC 10-311] analyzing module bucket_row_1_blk_mem_gen_prim_wrapper__parameterized13
INFO: [VRFC 10-311] analyzing module bucket_row_1_blk_mem_gen_prim_wrapper__parameterized14
INFO: [VRFC 10-311] analyzing module bucket_row_1_blk_mem_gen_prim_wrapper__parameterized15
INFO: [VRFC 10-311] analyzing module bucket_row_1_blk_mem_gen_prim_wrapper__parameterized16
INFO: [VRFC 10-311] analyzing module bucket_row_1_blk_mem_gen_prim_wrapper__parameterized17
INFO: [VRFC 10-311] analyzing module bucket_row_1_blk_mem_gen_prim_wrapper__parameterized18
INFO: [VRFC 10-311] analyzing module bucket_row_1_blk_mem_gen_prim_wrapper__parameterized19
INFO: [VRFC 10-311] analyzing module bucket_row_1_blk_mem_gen_prim_wrapper__parameterized2
INFO: [VRFC 10-311] analyzing module bucket_row_1_blk_mem_gen_prim_wrapper__parameterized3
INFO: [VRFC 10-311] analyzing module bucket_row_1_blk_mem_gen_prim_wrapper__parameterized4
INFO: [VRFC 10-311] analyzing module bucket_row_1_blk_mem_gen_prim_wrapper__parameterized5
INFO: [VRFC 10-311] analyzing module bucket_row_1_blk_mem_gen_prim_wrapper__parameterized6
INFO: [VRFC 10-311] analyzing module bucket_row_1_blk_mem_gen_prim_wrapper__parameterized7
INFO: [VRFC 10-311] analyzing module bucket_row_1_blk_mem_gen_prim_wrapper__parameterized8
INFO: [VRFC 10-311] analyzing module bucket_row_1_blk_mem_gen_prim_wrapper__parameterized9
INFO: [VRFC 10-311] analyzing module bucket_row_1_blk_mem_gen_top
INFO: [VRFC 10-311] analyzing module bucket_row_1_blk_mem_gen_v8_4_12
INFO: [VRFC 10-311] analyzing module bucket_row_1_blk_mem_gen_v8_4_12_synth
INFO: [VRFC 10-311] analyzing module bucket_row_2_blk_mem_gen_generic_cstr
INFO: [VRFC 10-311] analyzing module bucket_row_2_blk_mem_gen_prim_width
INFO: [VRFC 10-311] analyzing module bucket_row_2_blk_mem_gen_prim_width__parameterized0
INFO: [VRFC 10-311] analyzing module bucket_row_2_blk_mem_gen_prim_width__parameterized1
INFO: [VRFC 10-311] analyzing module bucket_row_2_blk_mem_gen_prim_width__parameterized10
INFO: [VRFC 10-311] analyzing module bucket_row_2_blk_mem_gen_prim_width__parameterized11
INFO: [VRFC 10-311] analyzing module bucket_row_2_blk_mem_gen_prim_width__parameterized12
INFO: [VRFC 10-311] analyzing module bucket_row_2_blk_mem_gen_prim_width__parameterized13
INFO: [VRFC 10-311] analyzing module bucket_row_2_blk_mem_gen_prim_width__parameterized14
INFO: [VRFC 10-311] analyzing module bucket_row_2_blk_mem_gen_prim_width__parameterized15
INFO: [VRFC 10-311] analyzing module bucket_row_2_blk_mem_gen_prim_width__parameterized16
INFO: [VRFC 10-311] analyzing module bucket_row_2_blk_mem_gen_prim_width__parameterized17
INFO: [VRFC 10-311] analyzing module bucket_row_2_blk_mem_gen_prim_width__parameterized18
INFO: [VRFC 10-311] analyzing module bucket_row_2_blk_mem_gen_prim_width__parameterized19
INFO: [VRFC 10-311] analyzing module bucket_row_2_blk_mem_gen_prim_width__parameterized2
INFO: [VRFC 10-311] analyzing module bucket_row_2_blk_mem_gen_prim_width__parameterized3
INFO: [VRFC 10-311] analyzing module bucket_row_2_blk_mem_gen_prim_width__parameterized4
INFO: [VRFC 10-311] analyzing module bucket_row_2_blk_mem_gen_prim_width__parameterized5
INFO: [VRFC 10-311] analyzing module bucket_row_2_blk_mem_gen_prim_width__parameterized6
INFO: [VRFC 10-311] analyzing module bucket_row_2_blk_mem_gen_prim_width__parameterized7
INFO: [VRFC 10-311] analyzing module bucket_row_2_blk_mem_gen_prim_width__parameterized8
INFO: [VRFC 10-311] analyzing module bucket_row_2_blk_mem_gen_prim_width__parameterized9
INFO: [VRFC 10-311] analyzing module bucket_row_2_blk_mem_gen_prim_wrapper
INFO: [VRFC 10-311] analyzing module bucket_row_2_blk_mem_gen_prim_wrapper__parameterized0
INFO: [VRFC 10-311] analyzing module bucket_row_2_blk_mem_gen_prim_wrapper__parameterized1
INFO: [VRFC 10-311] analyzing module bucket_row_2_blk_mem_gen_prim_wrapper__parameterized10
INFO: [VRFC 10-311] analyzing module bucket_row_2_blk_mem_gen_prim_wrapper__parameterized11
INFO: [VRFC 10-311] analyzing module bucket_row_2_blk_mem_gen_prim_wrapper__parameterized12
INFO: [VRFC 10-311] analyzing module bucket_row_2_blk_mem_gen_prim_wrapper__parameterized13
INFO: [VRFC 10-311] analyzing module bucket_row_2_blk_mem_gen_prim_wrapper__parameterized14
INFO: [VRFC 10-311] analyzing module bucket_row_2_blk_mem_gen_prim_wrapper__parameterized15
INFO: [VRFC 10-311] analyzing module bucket_row_2_blk_mem_gen_prim_wrapper__parameterized16
INFO: [VRFC 10-311] analyzing module bucket_row_2_blk_mem_gen_prim_wrapper__parameterized17
INFO: [VRFC 10-311] analyzing module bucket_row_2_blk_mem_gen_prim_wrapper__parameterized18
INFO: [VRFC 10-311] analyzing module bucket_row_2_blk_mem_gen_prim_wrapper__parameterized19
INFO: [VRFC 10-311] analyzing module bucket_row_2_blk_mem_gen_prim_wrapper__parameterized2
INFO: [VRFC 10-311] analyzing module bucket_row_2_blk_mem_gen_prim_wrapper__parameterized3
INFO: [VRFC 10-311] analyzing module bucket_row_2_blk_mem_gen_prim_wrapper__parameterized4
INFO: [VRFC 10-311] analyzing module bucket_row_2_blk_mem_gen_prim_wrapper__parameterized5
INFO: [VRFC 10-311] analyzing module bucket_row_2_blk_mem_gen_prim_wrapper__parameterized6
INFO: [VRFC 10-311] analyzing module bucket_row_2_blk_mem_gen_prim_wrapper__parameterized7
INFO: [VRFC 10-311] analyzing module bucket_row_2_blk_mem_gen_prim_wrapper__parameterized8
INFO: [VRFC 10-311] analyzing module bucket_row_2_blk_mem_gen_prim_wrapper__parameterized9
INFO: [VRFC 10-311] analyzing module bucket_row_2_blk_mem_gen_top
INFO: [VRFC 10-311] analyzing module bucket_row_2_blk_mem_gen_v8_4_12
INFO: [VRFC 10-311] analyzing module bucket_row_2_blk_mem_gen_v8_4_12_synth
INFO: [VRFC 10-311] analyzing module bucket_row_3_blk_mem_gen_generic_cstr
INFO: [VRFC 10-311] analyzing module bucket_row_3_blk_mem_gen_prim_width
INFO: [VRFC 10-311] analyzing module bucket_row_3_blk_mem_gen_prim_width__parameterized0
INFO: [VRFC 10-311] analyzing module bucket_row_3_blk_mem_gen_prim_width__parameterized1
INFO: [VRFC 10-311] analyzing module bucket_row_3_blk_mem_gen_prim_width__parameterized10
INFO: [VRFC 10-311] analyzing module bucket_row_3_blk_mem_gen_prim_width__parameterized11
INFO: [VRFC 10-311] analyzing module bucket_row_3_blk_mem_gen_prim_width__parameterized12
INFO: [VRFC 10-311] analyzing module bucket_row_3_blk_mem_gen_prim_width__parameterized13
INFO: [VRFC 10-311] analyzing module bucket_row_3_blk_mem_gen_prim_width__parameterized14
INFO: [VRFC 10-311] analyzing module bucket_row_3_blk_mem_gen_prim_width__parameterized15
INFO: [VRFC 10-311] analyzing module bucket_row_3_blk_mem_gen_prim_width__parameterized16
INFO: [VRFC 10-311] analyzing module bucket_row_3_blk_mem_gen_prim_width__parameterized17
INFO: [VRFC 10-311] analyzing module bucket_row_3_blk_mem_gen_prim_width__parameterized18
INFO: [VRFC 10-311] analyzing module bucket_row_3_blk_mem_gen_prim_width__parameterized19
INFO: [VRFC 10-311] analyzing module bucket_row_3_blk_mem_gen_prim_width__parameterized2
INFO: [VRFC 10-311] analyzing module bucket_row_3_blk_mem_gen_prim_width__parameterized3
INFO: [VRFC 10-311] analyzing module bucket_row_3_blk_mem_gen_prim_width__parameterized4
INFO: [VRFC 10-311] analyzing module bucket_row_3_blk_mem_gen_prim_width__parameterized5
INFO: [VRFC 10-311] analyzing module bucket_row_3_blk_mem_gen_prim_width__parameterized6
INFO: [VRFC 10-311] analyzing module bucket_row_3_blk_mem_gen_prim_width__parameterized7
INFO: [VRFC 10-311] analyzing module bucket_row_3_blk_mem_gen_prim_width__parameterized8
INFO: [VRFC 10-311] analyzing module bucket_row_3_blk_mem_gen_prim_width__parameterized9
INFO: [VRFC 10-311] analyzing module bucket_row_3_blk_mem_gen_prim_wrapper
INFO: [VRFC 10-311] analyzing module bucket_row_3_blk_mem_gen_prim_wrapper__parameterized0
INFO: [VRFC 10-311] analyzing module bucket_row_3_blk_mem_gen_prim_wrapper__parameterized1
INFO: [VRFC 10-311] analyzing module bucket_row_3_blk_mem_gen_prim_wrapper__parameterized10
INFO: [VRFC 10-311] analyzing module bucket_row_3_blk_mem_gen_prim_wrapper__parameterized11
INFO: [VRFC 10-311] analyzing module bucket_row_3_blk_mem_gen_prim_wrapper__parameterized12
INFO: [VRFC 10-311] analyzing module bucket_row_3_blk_mem_gen_prim_wrapper__parameterized13
INFO: [VRFC 10-311] analyzing module bucket_row_3_blk_mem_gen_prim_wrapper__parameterized14
INFO: [VRFC 10-311] analyzing module bucket_row_3_blk_mem_gen_prim_wrapper__parameterized15
INFO: [VRFC 10-311] analyzing module bucket_row_3_blk_mem_gen_prim_wrapper__parameterized16
INFO: [VRFC 10-311] analyzing module bucket_row_3_blk_mem_gen_prim_wrapper__parameterized17
INFO: [VRFC 10-311] analyzing module bucket_row_3_blk_mem_gen_prim_wrapper__parameterized18
INFO: [VRFC 10-311] analyzing module bucket_row_3_blk_mem_gen_prim_wrapper__parameterized19
INFO: [VRFC 10-311] analyzing module bucket_row_3_blk_mem_gen_prim_wrapper__parameterized2
INFO: [VRFC 10-311] analyzing module bucket_row_3_blk_mem_gen_prim_wrapper__parameterized3
INFO: [VRFC 10-311] analyzing module bucket_row_3_blk_mem_gen_prim_wrapper__parameterized4
INFO: [VRFC 10-311] analyzing module bucket_row_3_blk_mem_gen_prim_wrapper__parameterized5
INFO: [VRFC 10-311] analyzing module bucket_row_3_blk_mem_gen_prim_wrapper__parameterized6
INFO: [VRFC 10-311] analyzing module bucket_row_3_blk_mem_gen_prim_wrapper__parameterized7
INFO: [VRFC 10-311] analyzing module bucket_row_3_blk_mem_gen_prim_wrapper__parameterized8
INFO: [VRFC 10-311] analyzing module bucket_row_3_blk_mem_gen_prim_wrapper__parameterized9
INFO: [VRFC 10-311] analyzing module bucket_row_3_blk_mem_gen_top
INFO: [VRFC 10-311] analyzing module bucket_row_3_blk_mem_gen_v8_4_12
INFO: [VRFC 10-311] analyzing module bucket_row_3_blk_mem_gen_v8_4_12_synth
INFO: [VRFC 10-311] analyzing module ila_0_blk_mem_gen_v8_4_12
INFO: [VRFC 10-311] analyzing module ila_0_blk_mem_gen_v8_4_12_blk_mem_gen_generic_cstr
INFO: [VRFC 10-311] analyzing module ila_0_blk_mem_gen_v8_4_12_blk_mem_gen_prim_width
INFO: [VRFC 10-311] analyzing module ila_0_blk_mem_gen_v8_4_12_blk_mem_gen_prim_width__parameterized0
INFO: [VRFC 10-311] analyzing module ila_0_blk_mem_gen_v8_4_12_blk_mem_gen_prim_width__parameterized1
INFO: [VRFC 10-311] analyzing module ila_0_blk_mem_gen_v8_4_12_blk_mem_gen_prim_width__parameterized10
INFO: [VRFC 10-311] analyzing module ila_0_blk_mem_gen_v8_4_12_blk_mem_gen_prim_width__parameterized11
INFO: [VRFC 10-311] analyzing module ila_0_blk_mem_gen_v8_4_12_blk_mem_gen_prim_width__parameterized12
INFO: [VRFC 10-311] analyzing module ila_0_blk_mem_gen_v8_4_12_blk_mem_gen_prim_width__parameterized2
INFO: [VRFC 10-311] analyzing module ila_0_blk_mem_gen_v8_4_12_blk_mem_gen_prim_width__parameterized3
INFO: [VRFC 10-311] analyzing module ila_0_blk_mem_gen_v8_4_12_blk_mem_gen_prim_width__parameterized4
INFO: [VRFC 10-311] analyzing module ila_0_blk_mem_gen_v8_4_12_blk_mem_gen_prim_width__parameterized5
INFO: [VRFC 10-311] analyzing module ila_0_blk_mem_gen_v8_4_12_blk_mem_gen_prim_width__parameterized6
INFO: [VRFC 10-311] analyzing module ila_0_blk_mem_gen_v8_4_12_blk_mem_gen_prim_width__parameterized7
INFO: [VRFC 10-311] analyzing module ila_0_blk_mem_gen_v8_4_12_blk_mem_gen_prim_width__parameterized8
INFO: [VRFC 10-311] analyzing module ila_0_blk_mem_gen_v8_4_12_blk_mem_gen_prim_width__parameterized9
INFO: [VRFC 10-311] analyzing module ila_0_blk_mem_gen_v8_4_12_blk_mem_gen_prim_wrapper
INFO: [VRFC 10-311] analyzing module ila_0_blk_mem_gen_v8_4_12_blk_mem_gen_prim_wrapper__parameterized0
INFO: [VRFC 10-311] analyzing module ila_0_blk_mem_gen_v8_4_12_blk_mem_gen_prim_wrapper__parameterized1
INFO: [VRFC 10-311] analyzing module ila_0_blk_mem_gen_v8_4_12_blk_mem_gen_prim_wrapper__parameterized10
INFO: [VRFC 10-311] analyzing module ila_0_blk_mem_gen_v8_4_12_blk_mem_gen_prim_wrapper__parameterized11
INFO: [VRFC 10-311] analyzing module ila_0_blk_mem_gen_v8_4_12_blk_mem_gen_prim_wrapper__parameterized12
INFO: [VRFC 10-311] analyzing module ila_0_blk_mem_gen_v8_4_12_blk_mem_gen_prim_wrapper__parameterized2
INFO: [VRFC 10-311] analyzing module ila_0_blk_mem_gen_v8_4_12_blk_mem_gen_prim_wrapper__parameterized3
INFO: [VRFC 10-311] analyzing module ila_0_blk_mem_gen_v8_4_12_blk_mem_gen_prim_wrapper__parameterized4
INFO: [VRFC 10-311] analyzing module ila_0_blk_mem_gen_v8_4_12_blk_mem_gen_prim_wrapper__parameterized5
INFO: [VRFC 10-311] analyzing module ila_0_blk_mem_gen_v8_4_12_blk_mem_gen_prim_wrapper__parameterized6
INFO: [VRFC 10-311] analyzing module ila_0_blk_mem_gen_v8_4_12_blk_mem_gen_prim_wrapper__parameterized7
INFO: [VRFC 10-311] analyzing module ila_0_blk_mem_gen_v8_4_12_blk_mem_gen_prim_wrapper__parameterized8
INFO: [VRFC 10-311] analyzing module ila_0_blk_mem_gen_v8_4_12_blk_mem_gen_prim_wrapper__parameterized9
INFO: [VRFC 10-311] analyzing module ila_0_blk_mem_gen_v8_4_12_blk_mem_gen_top
INFO: [VRFC 10-311] analyzing module ila_0_blk_mem_gen_v8_4_12_synth
INFO: [VRFC 10-311] analyzing module glbl
INFO: [VRFC 10-2263] Analyzing Verilog file "F:/vivado_projects/sketch_network_measurement/sketch_network_measurement.sim/top_wrapper_tb/top_wrapper_tb.v" into library xil_defaultlib
INFO: [VRFC 10-311] analyzing module top_wrapper_tb
