INFO: [VRFC 10-2263] Analyzing Verilog file "F:/vivado_projects/sketch_network_measurement/sketch_network_measurement.gen/sources_1/ip/bucket_row_0/sim/bucket_row_0.v" into library xil_defaultlib
INFO: [VRFC 10-311] analyzing module bucket_row_0
INFO: [VRFC 10-2263] Analyzing Verilog file "F:/vivado_projects/sketch_network_measurement/sketch_network_measurement.gen/sources_1/ip/bucket_row_1/sim/bucket_row_1.v" into library xil_defaultlib
INFO: [VRFC 10-311] analyzing module bucket_row_1
INFO: [VRFC 10-2263] Analyzing Verilog file "F:/vivado_projects/sketch_network_measurement/sketch_network_measurement.gen/sources_1/ip/ila_0/sim/ila_0.v" into library xil_defaultlib
INFO: [VRFC 10-311] analyzing module ila_0
INFO: [VRFC 10-2263] Analyzing Verilog file "F:/vivado_projects/sketch_network_measurement/sketch_network_measurement.srcs/original/hash.v" into library xil_defaultlib
INFO: [VRFC 10-311] analyzing module addr_hash
INFO: [VRFC 10-2263] Analyzing Verilog file "F:/vivado_projects/sketch_network_measurement/sketch_network_measurement.srcs/original/bucket_refresh.v" into library xil_defaultlib
INFO: [VRFC 10-311] analyzing module bucket_refresh
INFO: [VRFC 10-2263] Analyzing Verilog file "F:/vivado_projects/sketch_network_measurement/sketch_network_measurement.srcs/original/bucket_decision_top.v" into library xil_defaultlib
INFO: [VRFC 10-311] analyzing module bucket_decision_top
INFO: [VRFC 10-2263] Analyzing Verilog file "F:/vivado_projects/sketch_network_measurement/sketch_network_measurement.srcs/original/bucket_decision_2.v" into library xil_defaultlib
INFO: [VRFC 10-311] analyzing module bucket_decision_2
INFO: [VRFC 10-2263] Analyzing Verilog file "F:/vivado_projects/sketch_network_measurement/sketch_network_measurement.srcs/original/bucket_decision_3.v" into library xil_defaultlib
INFO: [VRFC 10-311] analyzing module bucket_decision_3
INFO: [VRFC 10-2263] Analyzing Verilog file "F:/vivado_projects/sketch_network_measurement/sketch_network_measurement.srcs/original/bucket_decision_0.v" into library xil_defaultlib
INFO: [VRFC 10-311] analyzing module bucket_decision_0
INFO: [VRFC 10-2263] Analyzing Verilog file "F:/vivado_projects/sketch_network_measurement/sketch_network_measurement.srcs/original/bucket_decision_1.v" into library xil_defaultlib
INFO: [VRFC 10-311] analyzing module bucket_decision_1
INFO: [VRFC 10-2263] Analyzing Verilog file "F:/vivado_projects/sketch_network_measurement/sketch_network_measurement.srcs/original/inv_lut_16bit_2.v" into library xil_defaultlib
INFO: [VRFC 10-311] analyzing module inv_lut_16bit_2
INFO: [VRFC 10-2263] Analyzing Verilog file "F:/vivado_projects/sketch_network_measurement/sketch_network_measurement.srcs/original/inv_lut_16bit_1.v" into library xil_defaultlib
INFO: [VRFC 10-311] analyzing module inv_lut_16bit_1
INFO: [VRFC 10-2263] Analyzing Verilog file "F:/vivado_projects/sketch_network_measurement/sketch_network_measurement.srcs/original/inv_lut_16bit_3.v" into library xil_defaultlib
INFO: [VRFC 10-311] analyzing module inv_lut_16bit_3
INFO: [VRFC 10-2263] Analyzing Verilog file "F:/vivado_projects/sketch_network_measurement/sketch_network_measurement.srcs/original/inv_lut_16bit_0.v" into library xil_defaultlib
INFO: [VRFC 10-311] analyzing module inv_lut_16bit_0
INFO: [VRFC 10-2263] Analyzing Verilog file "F:/vivado_projects/sketch_network_measurement/sketch_network_measurement.srcs/original/ln_lut_8bit_3.v" into library xil_defaultlib
INFO: [VRFC 10-311] analyzing module ln_lut_8bit_3
INFO: [VRFC 10-2263] Analyzing Verilog file "F:/vivado_projects/sketch_network_measurement/sketch_network_measurement.srcs/original/ln_lut_8bit_1.v" into library xil_defaultlib
INFO: [VRFC 10-311] analyzing module ln_lut_8bit_1
INFO: [VRFC 10-2263] Analyzing Verilog file "F:/vivado_projects/sketch_network_measurement/sketch_network_measurement.srcs/original/ln_lut_8bit_2.v" into library xil_defaultlib
INFO: [VRFC 10-311] analyzing module ln_lut_8bit_2
INFO: [VRFC 10-2263] Analyzing Verilog file "F:/vivado_projects/sketch_network_measurement/sketch_network_measurement.srcs/original/dis_inv_lut.v" into library xil_defaultlib
INFO: [VRFC 10-311] analyzing module dis_inv_lut
INFO: [VRFC 10-2263] Analyzing Verilog file "F:/vivado_projects/sketch_network_measurement/sketch_network_measurement.srcs/original/estim_calc_lut.v" into library xil_defaultlib
INFO: [VRFC 10-311] analyzing module estim_calc_lut
INFO: [VRFC 10-2263] Analyzing Verilog file "F:/vivado_projects/sketch_network_measurement/sketch_network_measurement.srcs/original/ln_lut_8bit_0.v" into library xil_defaultlib
INFO: [VRFC 10-311] analyzing module ln_lut_8bit_0
INFO: [VRFC 10-2263] Analyzing Verilog file "F:/vivado_projects/sketch_network_measurement/sketch_network_measurement.srcs/original/elem_hash.v" into library xil_defaultlib
INFO: [VRFC 10-311] analyzing module elem_hash
INFO: [VRFC 10-2263] Analyzing Verilog file "F:/vivado_projects/sketch_network_measurement/sketch_network_measurement.srcs/original/top.v" into library xil_defaultlib
INFO: [VRFC 10-311] analyzing module top
INFO: [VRFC 10-2263] Analyzing Verilog file "F:/vivado_projects/sketch_network_measurement/sketch_network_measurement.gen/sources_1/ip/bucket_row_2/sim/bucket_row_2.v" into library xil_defaultlib
INFO: [VRFC 10-311] analyzing module bucket_row_2
INFO: [VRFC 10-2263] Analyzing Verilog file "F:/vivado_projects/sketch_network_measurement/sketch_network_measurement.gen/sources_1/ip/bucket_row_3/sim/bucket_row_3.v" into library xil_defaultlib
INFO: [VRFC 10-311] analyzing module bucket_row_3
INFO: [VRFC 10-2263] Analyzing Verilog file "F:/vivado_projects/sketch_network_measurement/sketch_network_measurement.srcs/original/test_stimulus.v" into library xil_defaultlib
INFO: [VRFC 10-311] analyzing module test_stimulus
INFO: [VRFC 10-2263] Analyzing Verilog file "F:/vivado_projects/sketch_network_measurement/sketch_network_measurement.srcs/original/top_wrapper.v" into library xil_defaultlib
INFO: [VRFC 10-311] analyzing module top_wrapper
INFO: [VRFC 10-2263] Analyzing Verilog file "F:/vivado_projects/sketch_network_measurement/sketch_network_measurement.sim/bucket_row_tb/bucket_row_tb.v" into library xil_defaultlib
INFO: [VRFC 10-311] analyzing module bucket_row_tb
