INFO: [VRFC 10-2263] Analyzing Verilog file "F:/vivado_projects/sketch_network_measurement/sketch_network_measurement.sim/elem_hash/synth/func/xsim/elem_hash_tb_func_synth.v" into library xil_defaultlib
INFO: [VRFC 10-311] analyzing module bucket_decision_0
INFO: [VRFC 10-311] analyzing module bucket_decision_1
INFO: [VRFC 10-311] analyzing module bucket_decision_2
INFO: [VRFC 10-311] analyzing module bucket_decision_3
INFO: [VRFC 10-311] analyzing module bucket_decision_top
INFO: [VRFC 10-311] analyzing module bucket_refresh
INFO: [VRFC 10-311] analyzing module bucket_row_0
INFO: [VRFC 10-311] analyzing module bucket_row_1
INFO: [VRFC 10-311] analyzing module bucket_row_2
INFO: [VRFC 10-311] analyzing module bucket_row_3
INFO: [VRFC 10-311] analyzing module dis_inv_lut
INFO: [VRFC 10-311] analyzing module elem_hash
INFO: [VRFC 10-311] analyzing module estim_calc_lut
INFO: [VRFC 10-311] analyzing module hash
INFO: [VRFC 10-311] analyzing module inv_lut_16bit_0
INFO: [VRFC 10-311] analyzing module inv_lut_16bit_1
INFO: [VRFC 10-311] analyzing module inv_lut_16bit_2
INFO: [VRFC 10-311] analyzing module inv_lut_16bit_3
INFO: [VRFC 10-311] analyzing module ln_lut_8bit_0
INFO: [VRFC 10-311] analyzing module ln_lut_8bit_1
INFO: [VRFC 10-311] analyzing module ln_lut_8bit_2
INFO: [VRFC 10-311] analyzing module ln_lut_8bit_3
INFO: [VRFC 10-311] analyzing module top
INFO: [VRFC 10-311] analyzing module bucket_row_0_blk_mem_gen_generic_cstr
INFO: [VRFC 10-311] analyzing module bucket_row_0_blk_mem_gen_prim_width
INFO: [VRFC 10-311] analyzing module bucket_row_0_blk_mem_gen_prim_width__parameterized0
INFO: [VRFC 10-311] analyzing module bucket_row_0_blk_mem_gen_prim_width__parameterized1
INFO: [VRFC 10-311] analyzing module bucket_row_0_blk_mem_gen_prim_width__parameterized10
INFO: [VRFC 10-311] analyzing module bucket_row_0_blk_mem_gen_prim_width__parameterized11
INFO: [VRFC 10-311] analyzing module bucket_row_0_blk_mem_gen_prim_width__parameterized12
INFO: [VRFC 10-311] analyzing module bucket_row_0_blk_mem_gen_prim_width__parameterized13
INFO: [VRFC 10-311] analyzing module bucket_row_0_blk_mem_gen_prim_width__parameterized14
INFO: [VRFC 10-311] analyzing module bucket_row_0_blk_mem_gen_prim_width__parameterized15
INFO: [VRFC 10-311] analyzing module bucket_row_0_blk_mem_gen_prim_width__parameterized16
INFO: [VRFC 10-311] analyzing module bucket_row_0_blk_mem_gen_prim_width__parameterized17
INFO: [VRFC 10-311] analyzing module bucket_row_0_blk_mem_gen_prim_width__parameterized18
INFO: [VRFC 10-311] analyzing module bucket_row_0_blk_mem_gen_prim_width__parameterized19
INFO: [VRFC 10-311] analyzing module bucket_row_0_blk_mem_gen_prim_width__parameterized2
INFO: [VRFC 10-311] analyzing module bucket_row_0_blk_mem_gen_prim_width__parameterized3
INFO: [VRFC 10-311] analyzing module bucket_row_0_blk_mem_gen_prim_width__parameterized4
INFO: [VRFC 10-311] analyzing module bucket_row_0_blk_mem_gen_prim_width__parameterized5
INFO: [VRFC 10-311] analyzing module bucket_row_0_blk_mem_gen_prim_width__parameterized6
INFO: [VRFC 10-311] analyzing module bucket_row_0_blk_mem_gen_prim_width__parameterized7
INFO: [VRFC 10-311] analyzing module bucket_row_0_blk_mem_gen_prim_width__parameterized8
INFO: [VRFC 10-311] analyzing module bucket_row_0_blk_mem_gen_prim_width__parameterized9
INFO: [VRFC 10-311] analyzing module bucket_row_0_blk_mem_gen_prim_wrapper
INFO: [VRFC 10-311] analyzing module bucket_row_0_blk_mem_gen_prim_wrapper__parameterized0
INFO: [VRFC 10-311] analyzing module bucket_row_0_blk_mem_gen_prim_wrapper__parameterized1
INFO: [VRFC 10-311] analyzing module bucket_row_0_blk_mem_gen_prim_wrapper__parameterized10
INFO: [VRFC 10-311] analyzing module bucket_row_0_blk_mem_gen_prim_wrapper__parameterized11
INFO: [VRFC 10-311] analyzing module bucket_row_0_blk_mem_gen_prim_wrapper__parameterized12
INFO: [VRFC 10-311] analyzing module bucket_row_0_blk_mem_gen_prim_wrapper__parameterized13
INFO: [VRFC 10-311] analyzing module bucket_row_0_blk_mem_gen_prim_wrapper__parameterized14
INFO: [VRFC 10-311] analyzing module bucket_row_0_blk_mem_gen_prim_wrapper__parameterized15
INFO: [VRFC 10-311] analyzing module bucket_row_0_blk_mem_gen_prim_wrapper__parameterized16
INFO: [VRFC 10-311] analyzing module bucket_row_0_blk_mem_gen_prim_wrapper__parameterized17
INFO: [VRFC 10-311] analyzing module bucket_row_0_blk_mem_gen_prim_wrapper__parameterized18
INFO: [VRFC 10-311] analyzing module bucket_row_0_blk_mem_gen_prim_wrapper__parameterized19
INFO: [VRFC 10-311] analyzing module bucket_row_0_blk_mem_gen_prim_wrapper__parameterized2
INFO: [VRFC 10-311] analyzing module bucket_row_0_blk_mem_gen_prim_wrapper__parameterized3
INFO: [VRFC 10-311] analyzing module bucket_row_0_blk_mem_gen_prim_wrapper__parameterized4
INFO: [VRFC 10-311] analyzing module bucket_row_0_blk_mem_gen_prim_wrapper__parameterized5
INFO: [VRFC 10-311] analyzing module bucket_row_0_blk_mem_gen_prim_wrapper__parameterized6
INFO: [VRFC 10-311] analyzing module bucket_row_0_blk_mem_gen_prim_wrapper__parameterized7
INFO: [VRFC 10-311] analyzing module bucket_row_0_blk_mem_gen_prim_wrapper__parameterized8
INFO: [VRFC 10-311] analyzing module bucket_row_0_blk_mem_gen_prim_wrapper__parameterized9
INFO: [VRFC 10-311] analyzing module bucket_row_0_blk_mem_gen_top
INFO: [VRFC 10-311] analyzing module bucket_row_0_blk_mem_gen_v8_4_12
INFO: [VRFC 10-311] analyzing module bucket_row_0_blk_mem_gen_v8_4_12_synth
INFO: [VRFC 10-311] analyzing module bucket_row_1_blk_mem_gen_generic_cstr
INFO: [VRFC 10-311] analyzing module bucket_row_1_blk_mem_gen_prim_width
INFO: [VRFC 10-311] analyzing module bucket_row_1_blk_mem_gen_prim_width__parameterized0
INFO: [VRFC 10-311] analyzing module bucket_row_1_blk_mem_gen_prim_width__parameterized1
INFO: [VRFC 10-311] analyzing module bucket_row_1_blk_mem_gen_prim_width__parameterized10
INFO: [VRFC 10-311] analyzing module bucket_row_1_blk_mem_gen_prim_width__parameterized11
INFO: [VRFC 10-311] analyzing module bucket_row_1_blk_mem_gen_prim_width__parameterized12
INFO: [VRFC 10-311] analyzing module bucket_row_1_blk_mem_gen_prim_width__parameterized13
INFO: [VRFC 10-311] analyzing module bucket_row_1_blk_mem_gen_prim_width__parameterized14
INFO: [VRFC 10-311] analyzing module bucket_row_1_blk_mem_gen_prim_width__parameterized15
INFO: [VRFC 10-311] analyzing module bucket_row_1_blk_mem_gen_prim_width__parameterized16
INFO: [VRFC 10-311] analyzing module bucket_row_1_blk_mem_gen_prim_width__parameterized17
INFO: [VRFC 10-311] analyzing module bucket_row_1_blk_mem_gen_prim_width__parameterized18
INFO: [VRFC 10-311] analyzing module bucket_row_1_blk_mem_gen_prim_width__parameterized19
INFO: [VRFC 10-311] analyzing module bucket_row_1_blk_mem_gen_prim_width__parameterized2
INFO: [VRFC 10-311] analyzing module bucket_row_1_blk_mem_gen_prim_width__parameterized3
INFO: [VRFC 10-311] analyzing module bucket_row_1_blk_mem_gen_prim_width__parameterized4
INFO: [VRFC 10-311] analyzing module bucket_row_1_blk_mem_gen_prim_width__parameterized5
INFO: [VRFC 10-311] analyzing module bucket_row_1_blk_mem_gen_prim_width__parameterized6
INFO: [VRFC 10-311] analyzing module bucket_row_1_blk_mem_gen_prim_width__parameterized7
INFO: [VRFC 10-311] analyzing module bucket_row_1_blk_mem_gen_prim_width__parameterized8
INFO: [VRFC 10-311] analyzing module bucket_row_1_blk_mem_gen_prim_width__parameterized9
INFO: [VRFC 10-311] analyzing module bucket_row_1_blk_mem_gen_prim_wrapper
INFO: [VRFC 10-311] analyzing module bucket_row_1_blk_mem_gen_prim_wrapper__parameterized0
INFO: [VRFC 10-311] analyzing module bucket_row_1_blk_mem_gen_prim_wrapper__parameterized1
INFO: [VRFC 10-311] analyzing module bucket_row_1_blk_mem_gen_prim_wrapper__parameterized10
INFO: [VRFC 10-311] analyzing module bucket_row_1_blk_mem_gen_prim_wrapper__parameterized11
INFO: [VRFC 10-311] analyzing module bucket_row_1_blk_mem_gen_prim_wrapper__parameterized12
INFO: [VRFC 10-311] analyzing module bucket_row_1_blk_mem_gen_prim_wrapper__parameterized13
INFO: [VRFC 10-311] analyzing module bucket_row_1_blk_mem_gen_prim_wrapper__parameterized14
INFO: [VRFC 10-311] analyzing module bucket_row_1_blk_mem_gen_prim_wrapper__parameterized15
INFO: [VRFC 10-311] analyzing module bucket_row_1_blk_mem_gen_prim_wrapper__parameterized16
INFO: [VRFC 10-311] analyzing module bucket_row_1_blk_mem_gen_prim_wrapper__parameterized17
INFO: [VRFC 10-311] analyzing module bucket_row_1_blk_mem_gen_prim_wrapper__parameterized18
INFO: [VRFC 10-311] analyzing module bucket_row_1_blk_mem_gen_prim_wrapper__parameterized19
INFO: [VRFC 10-311] analyzing module bucket_row_1_blk_mem_gen_prim_wrapper__parameterized2
INFO: [VRFC 10-311] analyzing module bucket_row_1_blk_mem_gen_prim_wrapper__parameterized3
INFO: [VRFC 10-311] analyzing module bucket_row_1_blk_mem_gen_prim_wrapper__parameterized4
INFO: [VRFC 10-311] analyzing module bucket_row_1_blk_mem_gen_prim_wrapper__parameterized5
INFO: [VRFC 10-311] analyzing module bucket_row_1_blk_mem_gen_prim_wrapper__parameterized6
INFO: [VRFC 10-311] analyzing module bucket_row_1_blk_mem_gen_prim_wrapper__parameterized7
INFO: [VRFC 10-311] analyzing module bucket_row_1_blk_mem_gen_prim_wrapper__parameterized8
INFO: [VRFC 10-311] analyzing module bucket_row_1_blk_mem_gen_prim_wrapper__parameterized9
INFO: [VRFC 10-311] analyzing module bucket_row_1_blk_mem_gen_top
INFO: [VRFC 10-311] analyzing module bucket_row_1_blk_mem_gen_v8_4_12
INFO: [VRFC 10-311] analyzing module bucket_row_1_blk_mem_gen_v8_4_12_synth
INFO: [VRFC 10-311] analyzing module bucket_row_2_blk_mem_gen_generic_cstr
INFO: [VRFC 10-311] analyzing module bucket_row_2_blk_mem_gen_prim_width
INFO: [VRFC 10-311] analyzing module bucket_row_2_blk_mem_gen_prim_width__parameterized0
INFO: [VRFC 10-311] analyzing module bucket_row_2_blk_mem_gen_prim_width__parameterized1
INFO: [VRFC 10-311] analyzing module bucket_row_2_blk_mem_gen_prim_width__parameterized10
INFO: [VRFC 10-311] analyzing module bucket_row_2_blk_mem_gen_prim_width__parameterized11
INFO: [VRFC 10-311] analyzing module bucket_row_2_blk_mem_gen_prim_width__parameterized12
INFO: [VRFC 10-311] analyzing module bucket_row_2_blk_mem_gen_prim_width__parameterized13
INFO: [VRFC 10-311] analyzing module bucket_row_2_blk_mem_gen_prim_width__parameterized14
INFO: [VRFC 10-311] analyzing module bucket_row_2_blk_mem_gen_prim_width__parameterized15
INFO: [VRFC 10-311] analyzing module bucket_row_2_blk_mem_gen_prim_width__parameterized16
INFO: [VRFC 10-311] analyzing module bucket_row_2_blk_mem_gen_prim_width__parameterized17
INFO: [VRFC 10-311] analyzing module bucket_row_2_blk_mem_gen_prim_width__parameterized18
INFO: [VRFC 10-311] analyzing module bucket_row_2_blk_mem_gen_prim_width__parameterized19
INFO: [VRFC 10-311] analyzing module bucket_row_2_blk_mem_gen_prim_width__parameterized2
INFO: [VRFC 10-311] analyzing module bucket_row_2_blk_mem_gen_prim_width__parameterized3
INFO: [VRFC 10-311] analyzing module bucket_row_2_blk_mem_gen_prim_width__parameterized4
INFO: [VRFC 10-311] analyzing module bucket_row_2_blk_mem_gen_prim_width__parameterized5
INFO: [VRFC 10-311] analyzing module bucket_row_2_blk_mem_gen_prim_width__parameterized6
INFO: [VRFC 10-311] analyzing module bucket_row_2_blk_mem_gen_prim_width__parameterized7
INFO: [VRFC 10-311] analyzing module bucket_row_2_blk_mem_gen_prim_width__parameterized8
INFO: [VRFC 10-311] analyzing module bucket_row_2_blk_mem_gen_prim_width__parameterized9
INFO: [VRFC 10-311] analyzing module bucket_row_2_blk_mem_gen_prim_wrapper
INFO: [VRFC 10-311] analyzing module bucket_row_2_blk_mem_gen_prim_wrapper__parameterized0
INFO: [VRFC 10-311] analyzing module bucket_row_2_blk_mem_gen_prim_wrapper__parameterized1
INFO: [VRFC 10-311] analyzing module bucket_row_2_blk_mem_gen_prim_wrapper__parameterized10
INFO: [VRFC 10-311] analyzing module bucket_row_2_blk_mem_gen_prim_wrapper__parameterized11
INFO: [VRFC 10-311] analyzing module bucket_row_2_blk_mem_gen_prim_wrapper__parameterized12
INFO: [VRFC 10-311] analyzing module bucket_row_2_blk_mem_gen_prim_wrapper__parameterized13
INFO: [VRFC 10-311] analyzing module bucket_row_2_blk_mem_gen_prim_wrapper__parameterized14
INFO: [VRFC 10-311] analyzing module bucket_row_2_blk_mem_gen_prim_wrapper__parameterized15
INFO: [VRFC 10-311] analyzing module bucket_row_2_blk_mem_gen_prim_wrapper__parameterized16
INFO: [VRFC 10-311] analyzing module bucket_row_2_blk_mem_gen_prim_wrapper__parameterized17
INFO: [VRFC 10-311] analyzing module bucket_row_2_blk_mem_gen_prim_wrapper__parameterized18
INFO: [VRFC 10-311] analyzing module bucket_row_2_blk_mem_gen_prim_wrapper__parameterized19
INFO: [VRFC 10-311] analyzing module bucket_row_2_blk_mem_gen_prim_wrapper__parameterized2
INFO: [VRFC 10-311] analyzing module bucket_row_2_blk_mem_gen_prim_wrapper__parameterized3
INFO: [VRFC 10-311] analyzing module bucket_row_2_blk_mem_gen_prim_wrapper__parameterized4
INFO: [VRFC 10-311] analyzing module bucket_row_2_blk_mem_gen_prim_wrapper__parameterized5
INFO: [VRFC 10-311] analyzing module bucket_row_2_blk_mem_gen_prim_wrapper__parameterized6
INFO: [VRFC 10-311] analyzing module bucket_row_2_blk_mem_gen_prim_wrapper__parameterized7
INFO: [VRFC 10-311] analyzing module bucket_row_2_blk_mem_gen_prim_wrapper__parameterized8
INFO: [VRFC 10-311] analyzing module bucket_row_2_blk_mem_gen_prim_wrapper__parameterized9
INFO: [VRFC 10-311] analyzing module bucket_row_2_blk_mem_gen_top
INFO: [VRFC 10-311] analyzing module bucket_row_2_blk_mem_gen_v8_4_12
INFO: [VRFC 10-311] analyzing module bucket_row_2_blk_mem_gen_v8_4_12_synth
INFO: [VRFC 10-311] analyzing module bucket_row_3_blk_mem_gen_generic_cstr
INFO: [VRFC 10-311] analyzing module bucket_row_3_blk_mem_gen_prim_width
INFO: [VRFC 10-311] analyzing module bucket_row_3_blk_mem_gen_prim_width__parameterized0
INFO: [VRFC 10-311] analyzing module bucket_row_3_blk_mem_gen_prim_width__parameterized1
INFO: [VRFC 10-311] analyzing module bucket_row_3_blk_mem_gen_prim_width__parameterized10
INFO: [VRFC 10-311] analyzing module bucket_row_3_blk_mem_gen_prim_width__parameterized11
INFO: [VRFC 10-311] analyzing module bucket_row_3_blk_mem_gen_prim_width__parameterized12
INFO: [VRFC 10-311] analyzing module bucket_row_3_blk_mem_gen_prim_width__parameterized13
INFO: [VRFC 10-311] analyzing module bucket_row_3_blk_mem_gen_prim_width__parameterized14
INFO: [VRFC 10-311] analyzing module bucket_row_3_blk_mem_gen_prim_width__parameterized15
INFO: [VRFC 10-311] analyzing module bucket_row_3_blk_mem_gen_prim_width__parameterized16
INFO: [VRFC 10-311] analyzing module bucket_row_3_blk_mem_gen_prim_width__parameterized17
INFO: [VRFC 10-311] analyzing module bucket_row_3_blk_mem_gen_prim_width__parameterized18
INFO: [VRFC 10-311] analyzing module bucket_row_3_blk_mem_gen_prim_width__parameterized19
INFO: [VRFC 10-311] analyzing module bucket_row_3_blk_mem_gen_prim_width__parameterized2
INFO: [VRFC 10-311] analyzing module bucket_row_3_blk_mem_gen_prim_width__parameterized3
INFO: [VRFC 10-311] analyzing module bucket_row_3_blk_mem_gen_prim_width__parameterized4
INFO: [VRFC 10-311] analyzing module bucket_row_3_blk_mem_gen_prim_width__parameterized5
INFO: [VRFC 10-311] analyzing module bucket_row_3_blk_mem_gen_prim_width__parameterized6
INFO: [VRFC 10-311] analyzing module bucket_row_3_blk_mem_gen_prim_width__parameterized7
INFO: [VRFC 10-311] analyzing module bucket_row_3_blk_mem_gen_prim_width__parameterized8
INFO: [VRFC 10-311] analyzing module bucket_row_3_blk_mem_gen_prim_width__parameterized9
INFO: [VRFC 10-311] analyzing module bucket_row_3_blk_mem_gen_prim_wrapper
INFO: [VRFC 10-311] analyzing module bucket_row_3_blk_mem_gen_prim_wrapper__parameterized0
INFO: [VRFC 10-311] analyzing module bucket_row_3_blk_mem_gen_prim_wrapper__parameterized1
INFO: [VRFC 10-311] analyzing module bucket_row_3_blk_mem_gen_prim_wrapper__parameterized10
INFO: [VRFC 10-311] analyzing module bucket_row_3_blk_mem_gen_prim_wrapper__parameterized11
INFO: [VRFC 10-311] analyzing module bucket_row_3_blk_mem_gen_prim_wrapper__parameterized12
INFO: [VRFC 10-311] analyzing module bucket_row_3_blk_mem_gen_prim_wrapper__parameterized13
INFO: [VRFC 10-311] analyzing module bucket_row_3_blk_mem_gen_prim_wrapper__parameterized14
INFO: [VRFC 10-311] analyzing module bucket_row_3_blk_mem_gen_prim_wrapper__parameterized15
INFO: [VRFC 10-311] analyzing module bucket_row_3_blk_mem_gen_prim_wrapper__parameterized16
INFO: [VRFC 10-311] analyzing module bucket_row_3_blk_mem_gen_prim_wrapper__parameterized17
INFO: [VRFC 10-311] analyzing module bucket_row_3_blk_mem_gen_prim_wrapper__parameterized18
INFO: [VRFC 10-311] analyzing module bucket_row_3_blk_mem_gen_prim_wrapper__parameterized19
INFO: [VRFC 10-311] analyzing module bucket_row_3_blk_mem_gen_prim_wrapper__parameterized2
INFO: [VRFC 10-311] analyzing module bucket_row_3_blk_mem_gen_prim_wrapper__parameterized3
INFO: [VRFC 10-311] analyzing module bucket_row_3_blk_mem_gen_prim_wrapper__parameterized4
INFO: [VRFC 10-311] analyzing module bucket_row_3_blk_mem_gen_prim_wrapper__parameterized5
INFO: [VRFC 10-311] analyzing module bucket_row_3_blk_mem_gen_prim_wrapper__parameterized6
INFO: [VRFC 10-311] analyzing module bucket_row_3_blk_mem_gen_prim_wrapper__parameterized7
INFO: [VRFC 10-311] analyzing module bucket_row_3_blk_mem_gen_prim_wrapper__parameterized8
INFO: [VRFC 10-311] analyzing module bucket_row_3_blk_mem_gen_prim_wrapper__parameterized9
INFO: [VRFC 10-311] analyzing module bucket_row_3_blk_mem_gen_top
INFO: [VRFC 10-311] analyzing module bucket_row_3_blk_mem_gen_v8_4_12
INFO: [VRFC 10-311] analyzing module bucket_row_3_blk_mem_gen_v8_4_12_synth
INFO: [VRFC 10-311] analyzing module glbl
INFO: [VRFC 10-2263] Analyzing Verilog file "F:/vivado_projects/sketch_network_measurement/sketch_network_measurement.sim/elem_hash_tb/elem_hash_tb.v" into library xil_defaultlib
INFO: [VRFC 10-311] analyzing module elem_hash_tb
